{
    "check metadata value equivalence for single field": {
        "content": [
            [
                {
                    "ImageWidth": "528"
                }
            ]
        ],
        "meta": {
            "nf-test": "0.9.2",
            "nextflow": "24.10.5"
        },
        "timestamp": "2025-04-02T14:44:57.573898328"
    },
    "check tiff dimension equivalence": {
        "content": [
            [
                520,
                696
            ]
        ],
        "meta": {
            "nf-test": "0.9.2",
            "nextflow": "24.10.5"
        },
        "timestamp": "2025-04-02T14:44:43.94436687"
    },
    "check metadata value equivalence for selected fields": {
        "content": [
            [
                {
                    "PlanarConfiguration": null,
                    "Compression": "1",
                    "ImageWidth": "528"
                }
            ]
        ],
        "meta": {
            "nf-test": "0.9.2",
            "nextflow": "24.10.5"
        },
        "timestamp": "2025-04-02T14:44:53.288343043"
    },
    "check metadata field count and field names equivalence": {
        "content": [
            [
                11
            ],
            [
                [
                    "NewSubfileType",
                    "ImageWidth",
                    "ImageLength",
                    "BitsPerSample",
                    "Compression",
                    "PhotometricInterpretation",
                    "ImageDescription",
                    "StripOffsets",
                    "SamplesPerPixel",
                    "RowsPerStrip",
                    "StripByteCounts"
                ]
            ]
        ],
        "meta": {
            "nf-test": "0.9.2",
            "nextflow": "24.10.5"
        },
        "timestamp": "2025-04-02T14:44:48.919742217"
    },
    "check metadata value equivalence for all fields": {
        "content": [
            [
                {
                    "RowsPerStrip": "528",
                    "Compression": "1",
                    "PhotometricInterpretation": "1",
                    "SamplesPerPixel": "1",
                    "ImageWidth": "528",
                    "StripByteCounts": "[557568]",
                    "StripOffsets": "[180]",
                    "ImageLength": "528",
                    "ImageDescription": "[ImageJ=1.53t\nmin=0.0\nmax=16383.0\n]",
                    "NewSubfileType": "0",
                    "BitsPerSample": "[16]"
                }
            ]
        ],
        "meta": {
            "nf-test": "0.9.2",
            "nextflow": "24.10.5"
        },
        "timestamp": "2025-04-02T14:45:02.756392834"
    }
}